
as12, an absolute assembler for Motorola MCU's, version 1.2h

                        ;#################################################################
                        ;
                        ;
                        ;               Tarea 5
                        ;               Eduardo Alfaro Gonzalez
                        ;               B50203
                        ;               Pantalla
                        ;               Ultima vez modificado 1/11/19
                        ;
                        ;
                        ;#################################################################
                        #include registers.inc
                        ; Memory maps and register equates
                        ; Choose one of DBUG12MAP (normal operation under DBUG12)
                        ;               EEPROMMAP  (DBUG12 in EEPROM mode)
                        ;               FLASHMAP   (Program loaded into Flash ROM)
0000                    DBUG12MAP equ 0        ; Memory mode is DBUG12MAP
                        ; EEPROMMAP equ 0         ; Memory mode is EEPROMMAP
                        #ifdef DBUG12MAP
0000                    REGBASE        equ        $0        ; register base
1000                    DATASTART equ        $1000        ; Start of data memory
2000                    DATAEND  equ        $2000        ; Stack pointer initial value (end of data RAM area)
2000                    PRSTART equ        $2000        ; Start of program memory (might be ROM)
3bff                    PREND        equ        $3BFF        ; End of program memory
                        
                        ; Functions in D-Bug12
ee84                    Getchar        equ        $EE84        ; Implemented in emulator
ee86                    Putchar equ        $EE86   ; Implemented in emulator
ee88                    Printf  equ     $EE88
ee8a                    GetCmdLine equ  $EE8A   ; FAR call
ee8e                    Sscanhex equ        $EE8E   ; FAR call
ee92                    Isxdigit equ    $EE92
ee94                    Toupper equ     $EE94
ee96                    Isalpha equ     $EE96
ee98                    Strlen  equ     $EE98
ee9a                    Strcpy  equ     $EE9A
ee9c                    Out2hex equ     $EE9C   ; FAR call
eea0                    Out4hex equ     $EEA0   ; FAR call
eea4                    SetUserVector equ $EEA4 ; No longer used
eea6                    WriteEEByte equ $EEA6   ; FAR call
eeaa                    EraseEE equ     $EEAA   ; FAR call
eeae                    ReadMem equ     $EEAE   ; FAR call
eeb2                    WriteMem equ    $EEB2   ; FAR call
                        
3e00                    VECTORTABLE equ $3E00        ; Vectors go here SHOULD ALSO INITIALIZE AT RUNTIME
0000                    STATICVECTORS equ 0        ; Define vectors statically (in "ROM")
0000                    INITIALIZEVECTORS equ 0        ; Initialize vectors at runtime
                        #endif
                        
                        #ifdef EEPROMMAP
                        REGBASE        equ        $0        ; register base MAY BE MOVED TO MAKE FULL EEPROM ACCESSABLE
                        DATASTART equ        $1000        ; Start of data memory
                        DATAEND  equ        $3E00        ; Stack pointer initial value (end of data RAM area)
                        PRSTART equ        $400        ; Start of program memory
                        PREND        equ        $FFF        ; End of program memory
                        
                        VECTORTABLE equ $3E00        ; Vectors go here -- MUST BE INITIALIZED AT RUNTIME
                        INITIALIZEVECTORS equ 0        ; Initialize vectors at runtime
                        #endif
                        
                        #ifdef FLASHMAP
                        REGBASE        equ        $0        ; register base MAY BE MOVED TO MAKE FULL EEPROM ACCESSABLE
                        DATASTART equ        $1000        ; Start of data memory
                        DATAEND  equ        $4000        ; Stack pointer initial value (end of data RAM area)
                        PRSTART equ        $8000        ; Start of program memory
                        ; Note -- there are problems using the current free assemblers with paged memory
                        ; Best bet is to use logical addresses $8000 up only, set page register to 3E,
                        ; Change S1 records for $8000-BFFF to S2 records for page 3E and S1 records for $C000-$EFFF to
                        ; page 3F. Program startup vector goes in EFFE, and needs to be iin page 3F so PPAGE can be changed. 
                        PREND        equ        $EF7F        ; End of program memory
                        
                        VECTORTABLE equ $EF80        ; Vectors go here -- MUST BE INITIALIZED STATICALLY
                        STATICVECTORS equ 0        ; Define vectors statically (in "ROM")
                        #endif
                        
                        
1000                    RAMSTART equ        DATASTART ; For compatibility
2000                    RAMEND equ        DATAEND   
                        
3e00                    UserRsrv0x80 equ (0*2)+VECTORTABLE
3e02                    UserRsrv0x82 equ (1*2)+VECTORTABLE
3e04                    UserRsrv0x84 equ (2*2)+VECTORTABLE
3e06                    UserRsrv0x86 equ (3*2)+VECTORTABLE
3e08                    UserRsrv0x88 equ (4*2)+VECTORTABLE
3e0a                    UserRsrv0x8a equ (5*2)+VECTORTABLE
3e0c                    UserPWMShDn equ (6*2)+VECTORTABLE
3e0e                    UserPortP equ (7*2)+VECTORTABLE
3e10                    UserMSCAN4Tx equ (8*2)+VECTORTABLE
3e12                    UserMSCAN4Rx equ (9*2)+VECTORTABLE
3e14                    UserMSCAN4Errs equ (10*2)+VECTORTABLE
3e16                    UserMSCAN4Wake equ (11*2)+VECTORTABLE
3e18                    UserMSCAN3Tx equ (12*2)+VECTORTABLE
3e1a                    UserMSCAN3Rx equ (13*2)+VECTORTABLE
3e1c                    UserMSCAN3Errs equ (14*2)+VECTORTABLE
3e1e                    UserMSCAN3Wake equ (15*2)+VECTORTABLE
3e20                    UserMSCAN2Tx equ (16*2)+VECTORTABLE
3e22                    UserMSCAN2Rx equ (17*2)+VECTORTABLE
3e24                    UserMSCAN2Errs equ (18*2)+VECTORTABLE
3e26                    UserMSCAN2Wake equ (19*2)+VECTORTABLE
3e28                    UserMSCAN1Tx equ (20*2)+VECTORTABLE
3e2a                    UserMSCAN1Rx equ (21*2)+VECTORTABLE
3e2c                    UserMSCAN1Errs equ (22*2)+VECTORTABLE
3e2e                    UserMSCAN1Wake equ (23*2)+VECTORTABLE
3e30                    UserMSCAN0Tx equ (24*2)+VECTORTABLE
3e32                    UserMSCAN0Rx equ (25*2)+VECTORTABLE
3e34                    UserMSCAN0Errs equ (26*2)+VECTORTABLE
3e36                    UserMSCAN0Wake equ (27*2)+VECTORTABLE
3e38                    UserFlash equ (28*2)+VECTORTABLE
3e3a                    UserEEPROM equ (29*2)+VECTORTABLE
3e3c                    UserSPI2 equ (30*2)+VECTORTABLE
3e3e                    UserSPI1 equ (31*2)+VECTORTABLE
3e40                    UserIIC equ (32*2)+VECTORTABLE
3e42                    UserDLC equ (33*2)+VECTORTABLE
3e44                    UserSCME equ (34*2)+VECTORTABLE
3e46                    UserCRG equ (35*2)+VECTORTABLE
3e48                    UserPAccBOv equ (36*2)+VECTORTABLE
3e4a                    UserModDwnCtr equ (37*2)+VECTORTABLE
3e4c                    UserPortH equ (38*2)+VECTORTABLE
3e4e                    UserPortJ equ (39*2)+VECTORTABLE
3e50                    UserAtoD1 equ (40*2)+VECTORTABLE
3e52                    UserAtoD0 equ (41*2)+VECTORTABLE
3e54                    UserSCI1 equ (42*2)+VECTORTABLE
3e56                    UserSCI0 equ (43*2)+VECTORTABLE
3e58                    UserSPI0 equ (44*2)+VECTORTABLE
3e5a                    UserPAccEdge equ (45*2)+VECTORTABLE
3e5c                    UserPAccOvf equ (46*2)+VECTORTABLE
3e5e                    UserTimerOvf equ (47*2)+VECTORTABLE
3e60                    UserTimerCh7 equ (48*2)+VECTORTABLE
3e62                    UserTimerCh6 equ (49*2)+VECTORTABLE
3e64                    UserTimerCh5 equ (50*2)+VECTORTABLE
3e66                    UserTimerCh4 equ (51*2)+VECTORTABLE
3e68                    UserTimerCh3 equ (52*2)+VECTORTABLE
3e6a                    UserTimerCh2 equ (53*2)+VECTORTABLE
3e6c                    UserTimerCh1 equ (54*2)+VECTORTABLE
3e6e                    UserTimerCh0 equ (55*2)+VECTORTABLE
3e70                    UserRTI equ (56*2)+VECTORTABLE
3e72                    UserIRQ equ (57*2)+VECTORTABLE
3e74                    UserXIRQ equ (58*2)+VECTORTABLE
3e76                    UserSWI equ (59*2)+VECTORTABLE
3e78                    UserTrap equ (60*2)+VECTORTABLE
                        
                        
                        *
                        *
                        *  HC12 i/o register locations (9s12dp256)
                        *
                        *
0000                    PORTA:          equ REGBASE+0   ;port a = address lines a8 - a15
0001                    PORTB:          equ REGBASE+1   ;port b = address lines a0 - a7
0002                    DDRA:           equ REGBASE+2   ;port a direction register
0003                    DDRB:           equ REGBASE+3   ;port b direction register
                        
0008                    PORTE:          equ REGBASE+8   ;port e = mode,irq and control signals
0009                    DDRE:           equ REGBASE+9   ;port e direction register
000a                    PEAR:           equ REGBASE+$a  ;port e assignments
000b                    MODE:           equ REGBASE+$b  ;mode register
000c                    PUCR:           equ REGBASE+$c  ;port pull-up control register
000d                    RDRIV:          equ REGBASE+$d  ;port reduced drive control register
000e                    EBICTL:                equ REGBASE+$e  ;e stretch control
                        
0010                    INITRM:         equ REGBASE+$10 ;ram location register
0011                    INITRG:         equ REGBASE+$11 ;register location register
0012                    INITEE:         equ REGBASE+$12 ;eeprom location register
0013                    MISC:           equ REGBASE+$13 ;miscellaneous mapping control
0014                    MTST0:          equ REGBASE+$14 ; reserved
0015                    ITCR:           equ REGBASE+$15 ;interrupt test control register
0016                    ITEST:          equ REGBASE+$16 ;interrupt test register
0017                    MTST1:          equ REGBASE+$17 ; reserved
                        
001a                    PARTIDH:        equ REGBASE+$1a ;part id high
001b                    PARTIDL:        equ REGBASE+$1b ;part id low
001c                    MEMSIZ0:        equ REGBASE+$1c ;memory size
001d                    MEMSIZ1:        equ REGBASE+$1d ;memory size
001e                    IRQCR:          equ REGBASE+$1e ;interrupt control register
001e                    INTCR:          equ REGBASE+$1e ;interrupt control register (old name)
001f                    HPRIO:          equ REGBASE+$1f ;high priority reg
                        
0028                    BKPCT0:         equ REGBASE+$28 ;break control register
0029                    BKPCT1:         equ REGBASE+$29 ;break control register
002a                    BKP0X:          equ REGBASE+$2a ; break 0 index register
002b                    BKP0H:          equ REGBASE+$2b ; break 0 pointer high
002c                    BRP0L:          equ REGBASE+$2c ; break 0 pointer low
002d                    BKP1X:          equ REGBASE+$2d ; break 1 index register
002e                    BKP1H:          equ REGBASE+$2e ; break 1 pointer high
002f                    BRP1L:          equ REGBASE+$2f ; break 1 pointer low
0030                    PPAGE:                equ REGBASE+$30 ;program page register
                        
0032                    PORTK:                equ REGBASE+$32 ;port k data
0033                    DDRK:                equ REGBASE+$33 ;port k direction
                        
0034                    SYNR:           equ REGBASE+$34 ; synthesizer / multiplier register
0035                    REFDV:          equ REGBASE+$35 ; reference divider register
0036                    CTFLG:          equ REGBASE+$36 ; reserved
0037                    CRGFLG:         equ REGBASE+$37 ; pll flags register
0038                    CRGINT:         equ REGBASE+$38 ; pll interrupt register
0039                    CLKSEL:         equ REGBASE+$39 ; clock select register
003a                    PLLCTL:         equ REGBASE+$3a ; pll control register
003b                    RTICTL:         equ REGBASE+$3b ;real time interrupt control
003c                    COPCTL:         equ REGBASE+$3c ;watchdog control
003d                    FORBYP:         equ REGBASE+$3d ;
003e                    CTCTL:          equ REGBASE+$3e ;
003f                    ARMCOP:         equ REGBASE+$3f ;cop reset register
                        
0040                    TIOS:           equ REGBASE+$40 ;timer input/output select
0041                    CFORC:          equ REGBASE+$41 ;timer compare force
0042                    OC7M:           equ REGBASE+$42 ;timer output compare 7 mask
0043                    OC7D:           equ REGBASE+$43 ;timer output compare 7 data
0044                    TCNT:           equ REGBASE+$44 ;timer counter register hi
                        *TCNT:          equ REGBASE+$45 ;timer counter register lo
0046                    TSCR:           equ REGBASE+$46 ;timer system control register (Old Name)
0046                    TSCR1:          equ REGBASE+$46 ;timer system control register
0047                    TTOV:           equ REGBASE+$47 ;reserved
0048                    TCTL1:          equ REGBASE+$48 ;timer control register 1
0049                    TCTL2:          equ REGBASE+$49 ;timer control register 2
004a                    TCTL3:          equ REGBASE+$4a ;timer control register 3
004b                    TCTL4:          equ REGBASE+$4b ;timer control register 4
004c                    TMSK1:          equ REGBASE+$4c ;timer interrupt mask 1 (Old Name)
004c                    TIE:            equ REGBASE+$4c ;timer interrupt mask 1
004d                    TMSK2:          equ REGBASE+$4d ;timer interrupt mask 2 (Old Name)
004d                    TSCR2:          equ REGBASE+$4d ;timer interrupt mask 2
004e                    TFLG1:          equ REGBASE+$4e ;timer flags 1
004f                    TFLG2:          equ REGBASE+$4f ;timer flags 2
0050                    TC0:            equ REGBASE+$50 ;timer capture/compare register 0
0052                    TC1:            equ REGBASE+$52 ;timer capture/compare register 1
0054                    TC2:            equ REGBASE+$54 ;timer capture/compare register 2
0056                    TC3:            equ REGBASE+$56 ;timer capture/compare register 3
0058                    TC4:            equ REGBASE+$58 ;timer capture/compare register 4
005a                    TC5:            equ REGBASE+$5a ;timer capture/compare register 5
005c                    TC6:            equ REGBASE+$5c ;timer capture/compare register 6
005e                    TC7:            equ REGBASE+$5e ;timer capture/compare register 7
0060                    PACTL:          equ REGBASE+$60 ;pulse accumulator controls
0061                    PAFLG:          equ REGBASE+$61 ;pulse accumulator flags
0062                    PACN3:          equ REGBASE+$62 ;pulse accumulator counter 3
0063                    PACN2:          equ REGBASE+$63 ;pulse accumulator counter 2
0064                    PACN1:          equ REGBASE+$64 ;pulse accumulator counter 1
0065                    PACN0:          equ REGBASE+$65 ;pulse accumulator counter 0
0066                    MCCTL:          equ REGBASE+$66 ;modulus down conunter control
0067                    MCFLG:          equ REGBASE+$67 ;down counter flags
0068                    ICPAR:          equ REGBASE+$68 ;input pulse accumulator control
0069                    DLYCT:          equ REGBASE+$69 ;delay count to down counter
006a                    ICOVW:          equ REGBASE+$6a ;input control overwrite register
006b                    ICSYS:          equ REGBASE+$6b ;input control system control
                        
006d                    TIMTST:         equ REGBASE+$6d ;timer test register
                        
0070                    PBCTL:          equ REGBASE+$70 ; pulse accumulator b control
0071                    PBFLG:          equ REGBASE+$71 ; pulse accumulator b flags
0072                    PA3H:           equ REGBASE+$72 ; pulse accumulator holding register 3
0073                    PA2H:           equ REGBASE+$73 ; pulse accumulator holding register 2
0074                    PA1H:           equ REGBASE+$74 ; pulse accumulator holding register 1
0075                    PA0H:           equ REGBASE+$75 ; pulse accumulator holding register 0
0076                    MCCNT:          equ REGBASE+$76 ; modulus down counter register
                        *MCCNTL:        equ REGBASE+$77 ; low byte
0078                    TCOH:           equ REGBASE+$78 ; capture 0 holding register
007a                    TC1H:           equ REGBASE+$7a ; capture 1 holding register
007c                    TC2H:           equ REGBASE+$7c ; capture 2 holding register
007e                    TC3H:           equ REGBASE+$7e ; capture 3 holding register
                        
0080                    ATD0CTL0:       equ REGBASE+$80 ;adc control 0 (reserved)
0081                    ATD0CTL1:       equ REGBASE+$81 ;adc control 1 (reserved)
0082                    ATD0CTL2:       equ REGBASE+$82 ;adc control 2
0083                    ATD0CTL3:       equ REGBASE+$83 ;adc control 3
0084                    ATD0CTL4:       equ REGBASE+$84 ;adc control 4
0085                    ATD0CTL5:       equ REGBASE+$85 ;adc control 5
0086                    ATD0STAT:       equ REGBASE+$86 ;adc status register hi
0086                    ATD0STAT0:      equ REGBASE+$86 ;adc status register hi
008b                    ATD0STAT1:      equ REGBASE+$8b ;adc status register lo
0088                    ATD0TEST:       equ REGBASE+$88 ;adc test (reserved)
                        *atd0test       equ REGBASE+$89 ;
                        
008d                    ATD0DIEN:        equ REGBASE+$8d ;
                        
008f                    PORTAD:         equ REGBASE+$8f ;port adc = input only
0090                    ADR00H:         equ REGBASE+$90 ;adc result 0 register
0092                    ADR01H:         equ REGBASE+$92 ;adc result 1 register
0094                    ADR02H:         equ REGBASE+$94 ;adc result 2 register
0096                    ADR03H:         equ REGBASE+$96 ;adc result 3 register
0098                    ADR04H:         equ REGBASE+$98 ;adc result 4 register
009a                    ADR05H:         equ REGBASE+$9a ;adc result 5 register
009c                    ADR06H:         equ REGBASE+$9c ;adc result 6 register
009e                    ADR07H:         equ REGBASE+$9e ;adc result 7 register
                        
00a0                    PWME:                equ REGBASE+$a0 ;pwm enable
00a1                    PWMPOL:         equ REGBASE+$a1 ;pwm polarity
00a2                    PWMCLK:         equ REGBASE+$a2 ;pwm clock select register
00a3                    PWMPRCLK:       equ REGBASE+$a3 ;pwm prescale clock select register
00a4                    PWMCAE:         equ REGBASE+$a4 ;pwm center align select register
00a5                    PWMCTL:         equ REGBASE+$a5 ;pwm control register
00a6                    PWMTST:         equ REGBASE+$a6 ;reserved
00a7                    PWMPRSC:        equ REGBASE+$a7 ;reserved
00a8                    PWMSCLA:        equ REGBASE+$a8 ;pwm scale a
00a9                    PWMSCLB:        equ REGBASE+$a9 ;pwm scale b
00aa                    PWMSCNTA:       equ REGBASE+$aa ;reserved
00ab                    PWMSCNTB:       equ REGBASE+$ab ;reserved
00ac                    PWMCNT0:        equ REGBASE+$ac ;pwm channel 0 counter
00ad                    PWMCNT1:        equ REGBASE+$ad ;pwm channel 1 counter
00ae                    PWMCNT2:        equ REGBASE+$ae ;pwm channel 2 counter
00af                    PWMCNT3:        equ REGBASE+$af ;pwm channel 3 counter
00b0                    PWMCNT4:        equ REGBASE+$b0 ;pwm channel 4 counter
00b1                    PWMCNT5:        equ REGBASE+$b1 ;pwm channel 5 counter
00b2                    PWMCNT6:        equ REGBASE+$b2 ;pwm channel 6 counter
00b3                    PWMCNT7:        equ REGBASE+$b3 ;pwm channel 7 counter
00b4                    PWMPER0:        equ REGBASE+$b4 ;pwm channel 0 period
00b5                    PWMPER1:        equ REGBASE+$b5 ;pwm channel 1 period
00b6                    PWMPER2:        equ REGBASE+$b6 ;pwm channel 2 period
00b7                    PWMPER3:        equ REGBASE+$b7 ;pwm channel 3 period
00b8                    PWMPER4:        equ REGBASE+$b8 ;pwm channel 4 period
00b9                    PWMPER5:        equ REGBASE+$b9 ;pwm channel 5 period
00ba                    PWMPER6:        equ REGBASE+$ba ;pwm channel 6 period
00bb                    PWMPER7:        equ REGBASE+$bb ;pwm channel 7 period
00bc                    PWMDTY0:        equ REGBASE+$bc ;pwm channel 0 duty cycle
00bd                    PWMDTY1:        equ REGBASE+$bd ;pwm channel 1 duty cycle
00be                    PWMDTY2:        equ REGBASE+$be ;pwm channel 2 duty cycle
00bf                    PWMDTY3:        equ REGBASE+$bf ;pwm channel 3 duty cycle
00c0                    PWMDTY4:        equ REGBASE+$c0 ;pwm channel 4 duty cycle
00c1                    PWMDTY5:        equ REGBASE+$c1 ;pwm channel 5 duty cycle
00c2                    PWMDTY6:        equ REGBASE+$c2 ;pwm channel 6 duty cycle
00c3                    PWMDTY7:        equ REGBASE+$c3 ;pwm channel 7 duty cycle
00c4                    PWMSDN:         equ REGBASE+$c4 ;pwm shutdown register
                        
00c8                    SC0BDH:         equ REGBASE+$c8 ;sci 0 baud reg hi byte
00c9                    SC0BDL:         equ REGBASE+$c9 ;sci 0 baud reg lo byte
00ca                    SC0CR1:         equ REGBASE+$ca ;sci 0 control1 reg
00cb                    SC0CR2:         equ REGBASE+$cb ;sci 0 control2 reg
00cc                    SC0SR1:         equ REGBASE+$cc ;sci 0 status reg 1
00cd                    SC0SR2:         equ REGBASE+$cd ;sci 0 status reg 2
00ce                    SC0DRH:         equ REGBASE+$ce ;sci 0 data reg hi
00cf                    SC0DRL:         equ REGBASE+$cf ;sci 0 data reg lo
                        
00d0                    SC1BDH:         equ REGBASE+$d0 ;sci 1 baud reg hi byte
00d1                    SC1BDL:         equ REGBASE+$d1 ;sci 1 baud reg lo byte
00d2                    SC1CR1:         equ REGBASE+$d2 ;sci 1 control1 reg
00d3                    SC1CR2:         equ REGBASE+$d3 ;sci 1 control2 reg
00d4                    SC1SR1:         equ REGBASE+$d4 ;sci 1 status reg 1
00d5                    SC1SR2:         equ REGBASE+$d5 ;sci 1 status reg 2
00d6                    SC1DRH:         equ REGBASE+$d6 ;sci 1 data reg hi
00d7                    SC1DRL:         equ REGBASE+$d7 ;sci 1 data reg lo
                        
00d8                    SPI0CR1:        equ REGBASE+$d8 ;spi 0 control1 reg
00d9                    SPI0CR2:        equ REGBASE+$d9 ;spi 0 control2 reg
00da                    SPI0BR:         equ REGBASE+$da ;spi 0 baud reg
00db                    SPI0SR:         equ REGBASE+$db ;spi 0 status reg hi
00dd                    SP0DR:          equ REGBASE+$dd ;spi 0 data reg  FOR COMPATIBILITY
00dd                    SPI0DR:          equ REGBASE+$dd ;spi 0 data reg
                        
00e0                    IBAD:                equ REGBASE+$e0 ;i2c bus address register
00e1                    IBFD:                equ REGBASE+$e1 ;i2c bus frequency divider
00e2                    IBCR:                equ REGBASE+$e2 ;i2c bus control register
00e3                    IBSR:                equ REGBASE+$e3 ;i2c bus status register
00e4                    IBDR:                equ REGBASE+$e4 ;i2c bus message data register
                        
00e8                    DLCBCR1:        equ REGBASE+$e8 ;bdlc control regsiter 1
00e9                    DLCBSVR:        equ REGBASE+$e9 ;bdlc state vector register
00ea                    DLCBCR2:        equ REGBASE+$ea ;bdlc control register 2
00eb                    DLCBDR:                equ REGBASE+$eb ;bdlc data register
00ec                    DLCBARD:        equ REGBASE+$ec ;bdlc analog delay register
00ed                    DLCBRSR:        equ REGBASE+$ed ;bdlc rate select register
00ee                    DLCSCR:                equ REGBASE+$ee ;bdlc control register
00ef                    DLCBSTAT:        equ REGBASE+$ef ;bdlc status register
                        
00f0                    SPI1CR1:        equ REGBASE+$f0 ;spi 1 control1 reg
00f1                    SPI1CR2:        equ REGBASE+$f1 ;spi 1 control2 reg
00f2                    SPI1BR:         equ REGBASE+$f2 ;spi 1 baud reg
00f3                    SPI1SR:         equ REGBASE+$f3 ;spi 1 status reg hi
00f5                    SPI1DR:          equ REGBASE+$f5 ;spi 1 data reg
00f5                    SP1DR:          equ REGBASE+$f5 ;spi 1 data reg   FOR COMPATIBILITY
                        
00f8                    SPI2CR1:        equ REGBASE+$f8 ;spi 2 control1 reg
00f9                    SPI2CR2:        equ REGBASE+$f9 ;spi 2 control2 reg
00fa                    SPI2BR:         equ REGBASE+$fa ;spi 2 baud reg
00fb                    SPI2SR:         equ REGBASE+$fb ;spi 2 status reg hi
00fd                    SPI2DR:         equ REGBASE+$fd ;spi 2 data reg
00fd                    SP2DR:          equ REGBASE+$fd ;spi 2 data reg   FOR COMPATIBILITY
                        
0100                    FCLKDIV:        equ REGBASE+$100 ;flash clock divider
0101                    FSEC:                equ REGBASE+$101 ;flash security register
                        
0103                    FCNFG:                equ REGBASE+$103 ;flash configuration register
0104                    FPROT:                equ REGBASE+$104 ;flash protection register
0105                    FSTAT:                equ REGBASE+$105 ;flash status register
0106                    FCMD:                equ REGBASE+$106 ;flash command register
                        
0110                    ECLKDIV:        equ REGBASE+$110 ;eeprom clock divider
                        
0113                    ECNFG:                equ REGBASE+$113 ;eeprom configuration register
0114                    EPROT:                equ REGBASE+$114 ;eeprom protection register
0115                    ESTAT:                equ REGBASE+$115 ;eeprom status register
0116                    ECMD:                equ REGBASE+$116 ;eeprom command register
                        
0120                    ATD1CTL0:       equ REGBASE+$120 ;adc1 control 0 (reserved)
0121                    ATD1CTL1:       equ REGBASE+$121 ;adc1 control 1 (reserved)
0122                    ATD1CTL2:       equ REGBASE+$122 ;adc1 control 2
0123                    ATD1CTL3:       equ REGBASE+$123 ;adc1 control 3
0124                    ATD1CTL4:       equ REGBASE+$124 ;adc1 control 4
0125                    ATD1CTL5:       equ REGBASE+$125 ;adc1 control 5
0126                    ATD1STAT0:      equ REGBASE+$126 ;adc1 status register hi
012b                    ATD1STAT1:      equ REGBASE+$12b ;adc1 status register lo
0128                    ATD1TEST:       equ REGBASE+$128 ;adc1 test (reserved)
                        *atd1test       equ REGBASE+$129 ;
                        
012d                    ATDDIEN:        equ REGBASE+$12d ;adc1 input enable register
                        
012f                    PORTAD1:        equ REGBASE+$12f ;port adc1 = input only
0130                    ADR10H:         equ REGBASE+$130 ;adc1 result 0 register
0132                    ADR11H:         equ REGBASE+$132 ;adc1 result 1 register
0134                    ADR12H:         equ REGBASE+$134 ;adc1 result 2 register
0136                    ADR13H:         equ REGBASE+$136 ;adc1 result 3 register
0138                    ADR14H:         equ REGBASE+$138 ;adc1 result 4 register
013a                    ADR15H:         equ REGBASE+$13a ;adc1 result 5 register
013c                    ADR16H:         equ REGBASE+$13c ;adc1 result 6 register
013e                    ADR17H:         equ REGBASE+$13e ;adc1 result 7 register
                        
0140                    CAN0CTL0:        equ REGBASE+$140 ;can0 control register 0
0141                    CAN0CTL1:        equ REGBASE+$141 ;can0 control register 1
0142                    CAN0BTR0:        equ REGBASE+$142 ;can0 bus timing register 0
0143                    CAN0BTR1:        equ REGBASE+$143 ;can0 bus timing register 1
0144                    CAN0RFLG:        equ REGBASE+$144 ;can0 receiver flags
0145                    CAN0RIER:        equ REGBASE+$145 ;can0 receiver interrupt enables
0146                    CAN0TFLG:        equ REGBASE+$146 ;can0 transmit flags
0147                    CAN0TIER:        equ REGBASE+$147 ;can0 transmit interrupt enables
0148                    CAN0TARQ:        equ REGBASE+$148 ;can0 transmit message abort control
0149                    CAN0TAAK:        equ REGBASE+$149 ;can0 transmit message abort status
014a                    CAN0TBEL:        equ REGBASE+$14a ;can0 transmit buffer select
014b                    CAN0IDAC:        equ REGBASE+$14b ;can0 identfier acceptance control
                        
014e                    CAN0RERR:        equ REGBASE+$14e ;can0 receive error counter
014f                    CAN0TERR:        equ REGBASE+$14f ;can0 transmit error counter
0150                    CAN0IDA0:        equ REGBASE+$150 ;can0 identifier acceptance register 0
0151                    CAN0IDA1:        equ REGBASE+$151 ;can0 identifier acceptance register 1
0152                    CAN0IDA2:        equ REGBASE+$152 ;can0 identifier acceptance register 2
0153                    CAN0IDA3:        equ REGBASE+$153 ;can0 identifier acceptance register 3
0154                    CAN0IDM0:        equ REGBASE+$154 ;can0 identifier mask register 0
0155                    CAN0IDM1:        equ REGBASE+$155 ;can0 identifier mask register 1
0156                    CAN0IDM2:        equ REGBASE+$156 ;can0 identifier mask register 2
0157                    CAN0IDM3:        equ REGBASE+$157 ;can0 identifier mask register 3
0158                    CAN0IDA4:        equ REGBASE+$158 ;can0 identifier acceptance register 4
0159                    CAN0IDA5:        equ REGBASE+$159 ;can0 identifier acceptance register 5
015a                    CAN0IDA6:        equ REGBASE+$15a ;can0 identifier acceptance register 6
015b                    CAN0IDA7:        equ REGBASE+$15b ;can0 identifier acceptance register 7
015c                    CAN0IDM4:        equ REGBASE+$15c ;can0 identifier mask register 4
015d                    CAN0IDM5:        equ REGBASE+$15d ;can0 identifier mask register 5
015e                    CAN0IDM6:        equ REGBASE+$15e ;can0 identifier mask register 6
015f                    CAN0IDM7:        equ REGBASE+$15f ;can0 identifier mask register 7
0160                    CAN0RXFG:        equ REGBASE+$160 ;can0 rx foreground buffer thru +$16f
0170                    CAN0TXFG:        equ REGBASE+$170 ;can0 tx foreground buffer thru +$17f
                        
0180                    CAN1CTL0:        equ REGBASE+$180 ;can1 control register 0
0181                    CAN1CTL1:        equ REGBASE+$181 ;can1 control register 1
0182                    CAN1BTR0:        equ REGBASE+$182 ;can1 bus timing register 0
0183                    CAN1BTR1:        equ REGBASE+$183 ;can1 bus timing register 1
0184                    CAN1RFLG:        equ REGBASE+$184 ;can1 receiver flags
0185                    CAN1RIER:        equ REGBASE+$185 ;can1 receiver interrupt enables
0186                    CAN1TFLG:        equ REGBASE+$186 ;can1 transmit flags
0187                    CAN1TIER:        equ REGBASE+$187 ;can1 transmit interrupt enables
0188                    CAN1TARQ:        equ REGBASE+$188 ;can1 transmit message abort control
0189                    CAN1TAAK:        equ REGBASE+$189 ;can1 transmit message abort status
018a                    CAN1TBEL:        equ REGBASE+$18a ;can1 transmit buffer select
018b                    CAN1IDAC:        equ REGBASE+$18b ;can1 identfier acceptance control
                        
018e                    CAN1RERR:        equ REGBASE+$18e ;can1 receive error counter
018f                    CAN1TERR:        equ REGBASE+$18f ;can1 transmit error counter
0190                    CAN1IDA0:        equ REGBASE+$190 ;can1 identifier acceptance register 0
0191                    CAN1IDA1:        equ REGBASE+$191 ;can1 identifier acceptance register 1
0192                    CAN1IDA2:        equ REGBASE+$192 ;can1 identifier acceptance register 2
0193                    CAN1IDA3:        equ REGBASE+$193 ;can1 identifier acceptance register 3
0194                    CAN1IDM0:        equ REGBASE+$194 ;can1 identifier mask register 0
0195                    CAN1IDM1:        equ REGBASE+$195 ;can1 identifier mask register 1
0196                    CAN1IDM2:        equ REGBASE+$196 ;can1 identifier mask register 2
0197                    CAN1IDM3:        equ REGBASE+$197 ;can1 identifier mask register 3
0198                    CAN1IDA4:        equ REGBASE+$198 ;can1 identifier acceptance register 4
0199                    CAN1IDA5:        equ REGBASE+$199 ;can1 identifier acceptance register 5
019a                    CAN1IDA6:        equ REGBASE+$19a ;can1 identifier acceptance register 6
019b                    CAN1IDA7:        equ REGBASE+$19b ;can1 identifier acceptance register 7
019c                    CAN1IDM4:        equ REGBASE+$19c ;can1 identifier mask register 4
019d                    CAN1IDM5:        equ REGBASE+$19d ;can1 identifier mask register 5
019e                    CAN1IDM6:        equ REGBASE+$19e ;can1 identifier mask register 6
019f                    CAN1IDM7:        equ REGBASE+$19f ;can1 identifier mask register 7
01a0                    CAN1RXFG:        equ REGBASE+$1a0 ;can1 rx foreground buffer thru +$1af
01b0                    CAN1TXFG:        equ REGBASE+$1b0 ;can1 tx foreground buffer thru +$1bf
                        
01c0                    CAN2CTL0:        equ REGBASE+$1c0 ;can2 control register 0
01c1                    CAN2CTL1:        equ REGBASE+$1c1 ;can2 control register 1
01c2                    CAN2BTR0:        equ REGBASE+$1c2 ;can2 bus timing register 0
01c3                    CAN2BTR1:        equ REGBASE+$1c3 ;can2 bus timing register 1
01c4                    CAN2RFLG:        equ REGBASE+$1c4 ;can2 receiver flags
01c5                    CAN2RIER:        equ REGBASE+$1c5 ;can2 receiver interrupt enables
01c6                    CAN2TFLG:        equ REGBASE+$1c6 ;can2 transmit flags
01c7                    CAN2TIER:        equ REGBASE+$1c7 ;can2 transmit interrupt enables
01c8                    CAN2TARQ:        equ REGBASE+$1c8 ;can2 transmit message abort control
01c9                    CAN2TAAK:        equ REGBASE+$1c9 ;can2 transmit message abort status
01ca                    CAN2TBEL:        equ REGBASE+$1ca ;can2 transmit buffer select
01cb                    CAN2IDAC:        equ REGBASE+$1cb ;can2 identfier acceptance control
                        
01ce                    CAN2RERR:        equ REGBASE+$1ce ;can2 receive error counter
01cf                    CAN2TERR:        equ REGBASE+$1cf ;can2 transmit error counter
01d0                    CAN2IDA0:        equ REGBASE+$1d0 ;can2 identifier acceptance register 0
01d1                    CAN2IDA1:        equ REGBASE+$1d1 ;can2 identifier acceptance register 1
01d2                    CAN2IDA2:        equ REGBASE+$1d2 ;can2 identifier acceptance register 2
01d3                    CAN2IDA3:        equ REGBASE+$1d3 ;can2 identifier acceptance register 3
01d4                    CAN2IDM0:        equ REGBASE+$1d4 ;can2 identifier mask register 0
01d5                    CAN2IDM1:        equ REGBASE+$1d5 ;can2 identifier mask register 1
01d6                    CAN2IDM2:        equ REGBASE+$1d6 ;can2 identifier mask register 2
01d7                    CAN2IDM3:        equ REGBASE+$1d7 ;can2 identifier mask register 3
01d8                    CAN2IDA4:        equ REGBASE+$1d8 ;can2 identifier acceptance register 4
01d9                    CAN2IDA5:        equ REGBASE+$1d9 ;can2 identifier acceptance register 5
01da                    CAN2IDA6:        equ REGBASE+$1da ;can2 identifier acceptance register 6
01db                    CAN2IDA7:        equ REGBASE+$1db ;can2 identifier acceptance register 7
01dc                    CAN2IDM4:        equ REGBASE+$1dc ;can2 identifier mask register 4
01dd                    CAN2IDM5:        equ REGBASE+$1dd ;can2 identifier mask register 5
01de                    CAN2IDM6:        equ REGBASE+$1de ;can2 identifier mask register 6
01df                    CAN2IDM7:        equ REGBASE+$1df ;can2 identifier mask register 7
01e0                    CAN2RXFG:        equ REGBASE+$1e0 ;can2 rx foreground buffer thru +$1ef
01f0                    CAN2TXFG:        equ REGBASE+$1f0 ;can2 tx foreground buffer thru +$1ff
                        
0200                    CAN3CTL0:        equ REGBASE+$200 ;can3 control register 0
0201                    CAN3CTL1:        equ REGBASE+$201 ;can3 control register 1
0202                    CAN3BTR0:        equ REGBASE+$202 ;can3 bus timing register 0
0203                    CAN3BTR1:        equ REGBASE+$203 ;can3 bus timing register 1
0204                    CAN3RFLG:        equ REGBASE+$204 ;can3 receiver flags
0205                    CAN3RIER:        equ REGBASE+$205 ;can3 receiver interrupt enables
0206                    CAN3TFLG:        equ REGBASE+$206 ;can3 transmit flags
0207                    CAN3TIER:        equ REGBASE+$207 ;can3 transmit interrupt enables
0208                    CAN3TARQ:        equ REGBASE+$208 ;can3 transmit message abort control
0209                    CAN3TAAK:        equ REGBASE+$209 ;can3 transmit message abort status
020a                    CAN3TBEL:        equ REGBASE+$20a ;can3 transmit buffer select
020b                    CAN3IDAC:        equ REGBASE+$20b ;can3 identfier acceptance control
                        
020e                    CAN3RERR:        equ REGBASE+$20e ;can3 receive error counter
020f                    CAN3TERR:        equ REGBASE+$20f ;can3 transmit error counter
0210                    CAN3IDA0:        equ REGBASE+$210 ;can3 identifier acceptance register 0
0211                    CAN3IDA1:        equ REGBASE+$211 ;can3 identifier acceptance register 1
0212                    CAN3IDA2:        equ REGBASE+$212 ;can3 identifier acceptance register 2
0213                    CAN3IDA3:        equ REGBASE+$213 ;can3 identifier acceptance register 3
0214                    CAN3IDM0:        equ REGBASE+$214 ;can3 identifier mask register 0
0215                    CAN3IDM1:        equ REGBASE+$215 ;can3 identifier mask register 1
0216                    CAN3IDM2:        equ REGBASE+$216 ;can3 identifier mask register 2
0217                    CAN3IDM3:        equ REGBASE+$217 ;can3 identifier mask register 3
0218                    CAN3IDA4:        equ REGBASE+$218 ;can3 identifier acceptance register 4
0219                    CAN3IDA5:        equ REGBASE+$219 ;can3 identifier acceptance register 5
021a                    CAN3IDA6:        equ REGBASE+$21a ;can3 identifier acceptance register 6
021b                    CAN3IDA7:        equ REGBASE+$21b ;can3 identifier acceptance register 7
021c                    CAN3IDM4:        equ REGBASE+$21c ;can3 identifier mask register 4
021d                    CAN3IDM5:        equ REGBASE+$21d ;can3 identifier mask register 5
021e                    CAN3IDM6:        equ REGBASE+$21e ;can3 identifier mask register 6
021f                    CAN3IDM7:        equ REGBASE+$21f ;can3 identifier mask register 7
0220                    CAN3RXFG:        equ REGBASE+$220 ;can3 rx foreground buffer thru +$22f
0230                    CAN3TXFG:        equ REGBASE+$230 ;can3 tx foreground buffer thru +$23f
                        
0240                    PTT:                equ REGBASE+$240 ;portt data register
0241                    PTIT:                equ REGBASE+$241 ;portt input register
0242                    DDRT:                equ REGBASE+$242 ;portt direction register
0243                    RDRT:                equ REGBASE+$243 ;portt reduced drive register
0244                    PERT:                equ REGBASE+$244 ;portt pull device enable
0245                    PPST:                equ REGBASE+$245 ;portt pull polarity select
                        
0248                    PTS:                equ REGBASE+$248 ;ports data register
0249                    PTIS:                equ REGBASE+$249 ;ports input register
024a                    DDRS:                equ REGBASE+$24a ;ports direction register
024b                    RDRS:                equ REGBASE+$24b ;ports reduced drive register
024c                    PERS:                equ REGBASE+$24c ;ports pull device enable
024d                    PPSS:                equ REGBASE+$24d ;ports pull polarity select
024e                    WOMS:                equ REGBASE+$24e ;ports wired or mode register
                        
0250                    PTM:                equ REGBASE+$250 ;portm data register
0251                    PTIM:                equ REGBASE+$251 ;portm input register
0252                    DDRM:                equ REGBASE+$252 ;portm direction register
0253                    RDRM:                equ REGBASE+$253 ;portm reduced drive register
0254                    PERM:                equ REGBASE+$254 ;portm pull device enable
0255                    PPSM:                equ REGBASE+$255 ;portm pull polarity select
0256                    WOMM:                equ REGBASE+$256 ;portm wired or mode register
0257                    MODRR:                equ REGBASE+$257 ;portm module routing register
                        
0258                    PTP:                equ REGBASE+$258 ;portp data register
0259                    PTIP:                equ REGBASE+$259 ;portp input register
025a                    DDRP:                equ REGBASE+$25a ;portp direction register
025b                    RDRP:                equ REGBASE+$25b ;portp reduced drive register
025c                    PERP:                equ REGBASE+$25c ;portp pull device enable
025d                    PPSP:                equ REGBASE+$25d ;portp pull polarity select
025e                    PIEP:                equ REGBASE+$25e ;portp interrupt enable register
025f                    PIFP:                equ REGBASE+$25f ;portp interrupt flag register
                        
0260                    PTH:                equ REGBASE+$260 ;porth data register
0261                    PTIH:                equ REGBASE+$261 ;porth input register
0262                    DDRH:                equ REGBASE+$262 ;porth direction register
0263                    RDRH:                equ REGBASE+$263 ;porth reduced drive register
0264                    PERH:                equ REGBASE+$264 ;porth pull device enable
0265                    PPSH:                equ REGBASE+$265 ;porth pull polarity select
0266                    PIEH:                equ REGBASE+$266 ;porth interrupt enable register
0267                    PIFH:                equ REGBASE+$267 ;porth interrupt flag register
                        
0268                    PTJ:                equ REGBASE+$268 ;portj data register
0269                    PTIJ:                equ REGBASE+$269 ;portj input register
026a                    DDRJ:                equ REGBASE+$26a ;portj direction register
026b                    RDRJ:                equ REGBASE+$26b ;portj reduced drive register
026c                    PERJ:                equ REGBASE+$26c ;portj pull device enable
026d                    PPSJ:                equ REGBASE+$26d ;portj pull polarity select
026e                    PIEJ:                equ REGBASE+$26e ;portj interrupt enable register
026f                    PIFJ:                equ REGBASE+$26f ;portj interrupt flag register
                        
0280                    CAN4CTL0:        equ REGBASE+$280 ;can4 control register 0
0281                    CAN4CTL1:        equ REGBASE+$281 ;can4 control register 1
0282                    CAN4BTR0:        equ REGBASE+$282 ;can4 bus timing register 0
0283                    CAN4BTR1:        equ REGBASE+$283 ;can4 bus timing register 1
0284                    CAN4RFLG:        equ REGBASE+$284 ;can4 receiver flags
0285                    CAN4RIER:        equ REGBASE+$285 ;can4 receiver interrupt enables
0286                    CAN4TFLG:        equ REGBASE+$286 ;can4 transmit flags
0287                    CAN4TIER:        equ REGBASE+$287 ;can4 transmit interrupt enables
0288                    CAN4TARQ:        equ REGBASE+$288 ;can4 transmit message abort control
0289                    CAN4TAAK:        equ REGBASE+$289 ;can4 transmit message abort status
028a                    CAN4TBEL:        equ REGBASE+$28a ;can4 transmit buffer select
028b                    CAN4IDAC:        equ REGBASE+$28b ;can4 identfier acceptance control
                        
028e                    CAN4RERR:        equ REGBASE+$28e ;can4 receive error counter
028f                    CAN4TERR:        equ REGBASE+$28f ;can4 transmit error counter
0290                    CAN4IDA0:        equ REGBASE+$290 ;can4 identifier acceptance register 0
0291                    CAN4IDA1:        equ REGBASE+$291 ;can4 identifier acceptance register 1
0292                    CAN4IDA2:        equ REGBASE+$292 ;can4 identifier acceptance register 2
0293                    CAN4IDA3:        equ REGBASE+$293 ;can4 identifier acceptance register 3
0294                    CAN4IDM0:        equ REGBASE+$294 ;can4 identifier mask register 0
0295                    CAN4IDM1:        equ REGBASE+$295 ;can4 identifier mask register 1
0296                    CAN4IDM2:        equ REGBASE+$296 ;can4 identifier mask register 2
0297                    CAN4IDM3:        equ REGBASE+$297 ;can4 identifier mask register 3
0298                    CAN4IDA4:        equ REGBASE+$298 ;can4 identifier acceptance register 4
0299                    CAN4IDA5:        equ REGBASE+$299 ;can4 identifier acceptance register 5
029a                    CAN4IDA6:        equ REGBASE+$29a ;can4 identifier acceptance register 6
029b                    CAN4IDA7:        equ REGBASE+$29b ;can4 identifier acceptance register 7
029c                    CAN4IDM4:        equ REGBASE+$29c ;can4 identifier mask register 4
029d                    CAN4IDM5:        equ REGBASE+$29d ;can4 identifier mask register 5
029e                    CAN4IDM6:        equ REGBASE+$29e ;can4 identifier mask register 6
029f                    CAN4IDM7:        equ REGBASE+$29f ;can4 identifier mask register 7
02a0                    CAN4RXFG:        equ REGBASE+$2a0 ;can4 rx foreground buffer thru +$2af
02b0                    CAN4TXFG:        equ REGBASE+$2b0 ;can4 tx foreground buffer thru +$2bf
                        
                        * end registers
                        #endinclude

                        
                        
                        
                        ;#################################################################
                        ;               Definicion de estructuras de datos
                        
                        
000d                    CR:             equ $0D
000a                    LF:             equ $0A
0000                    FIN:            equ $0
                        
1000                                    org $1000
1000 02                 MAX_TCL:        db 2
1001                    TECLA:          ds 1
1002                    TECLA_IN:       ds 1
                        
1003                    CONT_REB:       ds 1
1004                    CONT_TCL:       ds 1
1005                    PATRON:         ds 1
1006                    BANDERAS:       ds 1        ;bit 5 cambio nodo, bit 4 modsel, bit 6 rs
                        
                        
1030                                    org $1030
1030                    NUM_ARRAY:      ds $10
1040                                    org $1040
1040 01 02 03 04 05 06  TECLAS:         db $01,$02,$03,$04,$05,$06,$07,$08,$09,$0B,$00,$0E
     07 08 09 0b 00 0e
                        
1007                                    org $1007
1007                    CUENTA:         ds 1        ;Cantidad de clavos
1008                    ACUMUL:         ds 1        ;Cantidad de bolsas
1009                    CPROG:          ds 1        ;Cantidad maxima de clavos por bolsa
100a fa                 VMAX:           db 250      ;valor maximo de contador TIMER_CUENTA que simula los clavos, 250 para lograr 4 Hz
100b                    TIMER_CUENTA:   ds 1        ;contador de rti simula clavos
100c                    LEDS:           ds 1        ;valor que se envia al puerto B para los leds
100d                    BRILLO:         ds 1        ; 0-100 cotrola el brillo de 7 seg
100e                    CONT_DIG:       ds 1        ;digito actual de 7seg
100f                    CONT_TICKS:     ds 1        ;
1010                    BIN1:           ds 1        ;corresponde al valor de DISP1 y DISP2 en binario
1011                    BIN2:           ds 1        ;corresponde al valor de DISP4 y DISP3 en binario
1012                    DT:             ds 1        ;100 - BRILLO, valor donde se resetea CONT_TICKS
1013                    LOW:            ds 1        ;ni idea
1014                    BCD1:           ds 1        ;bin 1 en bcd
1015                    BCD2:           ds 1        ;bin 2 en bcd
1016                    DISP1:          ds 1        ;
1017                    DISP2:          ds 1        ;
1018                    DISP3:          ds 1        ;
1019                    DISP4:          ds 1        ;   
1050                                    org $1050
1050 3f 06 5b 4f 66 6d  SEGMENT:        db $3F,$06,$5B,$4F,$66,$6D,$7D,$07,$7F,$6F  ;0,1,2,3,4,5,6,7,8,9
     7d 07 7f 6f
1021                                    org $1021
1021                    CONT_7SEG:      ds 2        ;cuando llega a 5000 se actualizan los valores de DISP
1023                    CONT_DELAY:     ds 1        ;
1024 64                 D2mS:           db 100
1025 0d                 D240uS:         db 13
1026 03                 D60uS:          db 3
1027 01                 Clear_LCD:      db $01      ;constante igual a comando clear
1028 80                 ADD_L1:         db $80      ;constante igual a Adress linea 1 lcd
1029 c0                 ADD_L2:         db $C0      ;constante igual a Adress linea 2 lcd
102a 04 28 28 06 0c     iniDsp:         db 04,$28,$28,$06,$0C     ;numero de bytes,function set, function set, entry mode, display on off
                        
1070                                    org $1070
1070 4d 4f 44 4f 20 43  MESS1:          fcc "MODO CONFIG"
     4f 4e 46 49 47
107b 00                                 db FIN
107c 49 4e 47 52 45 53  MESS2:          fcc "INGRESE CPROG"
     45 20 43 50 52 4f
     47
1089 00                                 db FIN
108a 4d 4f 44 4f 20 52  MESS3:          fcc "MODO RUN"
     55 4e
1092 00                                 db FIN
1093 41 43 55 4d 55 4c  MESS4:          fcc "ACUMUL.-CUENTA"
     2e 2d 43 55 45 4e
     54 41
10a1 00                                 db FIN
                        ;FIXME faltan, pero estoy cansado
                        
                        
                        
                                        
                                        
3e70                                    org $3E70
3e70 23 65                              dw INIT_ISR
3e4c                                    org $3E4C
3e4c 23 08                              dw PTH_ISR
3e66                                    org $3E66
3e66 23 71                              dw OC4_ISR
                        
                        ;################################################
                        ;       Programa principal
2000                                    org $2000
                        
                        ;################################################
                        ;       Definicion de hardware
                        
                        ;       LEDS
2000 18 0b ff 00 03                     movb #$FF, DDRB
2005 1c 02 6a 02                        bset DDRJ,$02
2009 1c 02 68 02                        bset PTJ, $02
                        
                        ;       7SEG
200d 18 0b 0f 02 5a                     movb #$0F, DDRP
2012 18 0b 0f 02 58                     movb #$0F, PTP
                        ;       Output compare
2017 18 0b 90 00 46                     movb #$90, TSCR1
201c 18 0b 03 00 4d                     movb #$03, TSCR2
2021 18 0b 10 00 40                     movb #$10, TIOS
2026 18 0b 01 00 48                     movb #$01, TCTL1
202b 18 0b 00 00 49                     movb #$00, TCTL2
2030 18 0b 10 00 4c                     movb #$10, TIE
2035 dc 44                              ldd TCNT
2037 c3 00 3c                           addd #60
203a 5c 58                              std TC4
203c 18 0b ff 00 33                     movb #$FF,DDRK
                        
                        ;       Puerto H sw
                        
2041 1c 02 66 0f                        bset PIEH, $0F          ;habilitar interrupciones PH0
2045 1c 02 67 0f                        bset PIFH, $0F
2049 18 0b 49 00 3b                     movb #$49, RTICTL       ;FIXME, esto lo pone en 9.26 ms
204e 4c 38 80                           bset CRGINT, $80        ;habilitar interrupciones rti
2051 18 0b f0 00 02                     movb #$F0, DDRA
2056 4c 0c 01                           bset PUCR, $01          ;Super importante habilitar resistencia de pullup
                        ;                bclr RDRIV, $01
2059 10 ef                              cli
                        
                        
                        
                        ;################################################
                        
                        ;               inicializacion
205b cf 3b ff                           lds #$3BFF
205e 18 0b 18 10 14                     movb #$18,BCD1
2063 18 0b 45 10 15                     movb #$45,BCD2
2068 18 0b 02 10 0c                     movb #02,LEDS
206d 18 0b 00 10 16                     movb #0,DISP1
2072 18 0b 00 10 17                     movb #0,DISP2
2077 18 0b 00 10 18                     movb #0,DISP3
207c 18 0b 00 10 19                     movb #0,DISP4
                                        ;modser=1
2081 18 0b 01 10 0e                     movb #1,CONT_DIG
2086 18 0b 00 10 0f                     movb #0,CONT_TICKS
208b 18 0b 32 10 0d                     movb #50, BRILLO
2090 18 0b 00 10 09                     movb #00, CPROG
                        
2095 18 0b ff 10 01                     movb #$FF, TECLA
209a 18 0b ff 10 02                     movb #$FF, TECLA_IN
209f 18 0b 00 10 04                     movb #$00, CONT_TCL
20a4 18 0b 00 10 03                     movb #$00, CONT_REB
20a9 1d 10 06 07                        bclr BANDERAS,$07      ;Poner las banderas en 0
20ad 1c 10 06 10                        bset BANDERAS,$10      ;Poner la bandera cambio nodo en 1
20b1 b6 10 00                           ldaa MAX_TCL
20b4 ce 10 2f                           ldx #NUM_ARRAY-1
20b7 18 08 e4 ff        LoopCLR:        movb #$FF,A,X          ;iniciar el arreglo en FF
20bb 04 30 f9                           dbne A,LoopCLR
                        
                        
                        ;       Programa main               
                        mainL:          loc
20be f7 10 09                           tst CPROG
20c1 27 29                              beq chknodoM1
20c3 b6 02 61                           ldaa PTIH
20c6 84 80                              anda #$80
20c8 f6 10 06                           ldab BANDERAS
20cb c4 08                              andb #$08
20cd 58                                 lslb 
20ce 58                                 lslb 
20cf 58                                 lslb 
20d0 58                                 lslb 
20d1 18 17                              cba
20d3 27 12                              beq nochange`
20d5 1c 10 06 10                        bset BANDERAS,$10
20d9 81 80                              cmpa #$80
20db 27 06                              beq ph1`
20dd 1d 10 06 08                        bclr BANDERAS,$08
20e1 20 04                              bra nochange`
20e3 1c 10 06 08        ph1`            bset BANDERAS,$08
                        
20e7 1f 10 06 08 1c     nochange`       brclr BANDERAS,$08,chknodoM0
20ec 1f 10 06 10 12     chknodoM1:      brclr BANDERAS,$10,jmodoconfig`
20f1 1d 10 06 10                        bclr BANDERAS,$10
20f5 18 0b 02 10 0c                     movb #$02,LEDS
20fa ce 10 8a                           ldx #MESS3
20fd cd 10 93                           ldy #MESS4
2100 16 22 36                           jsr CARGAR_LCD
2103 16 23 01           jmodoconfig`    jsr MODO_CONFIG
2106 20 1a                              bra returnmain
2108 1f 10 06 10 12     chknodoM0:      brclr BANDERAS,$10,jmodorun`
210d 1d 10 06 10                        bclr BANDERAS,$10
2111 18 0b 01 10 0c                     movb #$01,LEDS
2116 ce 10 70                           ldx #MESS1
2119 cd 10 7c                           ldy #MESS2
211c 16 22 36                           jsr CARGAR_LCD
211f 16 23 07           jmodorun`       jsr MODO_RUN
                                      
2122 16 23 00           returnmain:     jsr BIN_BCD
2125 06 20 be                           jmp mainL
                        
                        
                        
                                        ;brset BANDERAS,$04,mainL
                                        ;jsr TAREA_TECLADO
                                        
                        ;################################################
                        ;       Subrutinas
                        ;################################################
                        ;       Subrutinas Generales
                        
                        
                        ;       Subrutina Tarea Teclado
                        TAREA_TECLADO:  loc
2128 f7 10 03                           tst CONT_REB
212b 26 47                              bne return`
212d 16 21 75                           jsr MUX_TECLADO
2130 b6 10 01                           ldaa TECLA
2133 81 ff                              cmpa #$FF
2135 27 31                              beq checkLista`
2137 1e 10 06 02 11                     brset BANDERAS,$02,checkLeida`        ;revision de bandera Tecla leida
213c 18 0c 10 01 10 02                  movb TECLA,TECLA_IN
2142 1c 10 06 02                        bset BANDERAS,$02
2146 18 0b 64 10 03                     movb #$64,CONT_REB                       ;iniciar contador de rebotes
214b 20 27                              bra return`
214d b1 10 02           checkLeida`     cmpa TECLA_IN                           ;Comparar Tecla con tecla_in
2150 26 06                              bne Diferente`
2152 1c 10 06 01                        bset BANDERAS,$01
2156 20 1c                              bra return`
2158 18 0b ff 10 01     Diferente`      movb #$FF,TECLA                         ;Las teclas son invalidas
215d 18 0b ff 10 02                     movb #$FF,TECLA_IN
2162 1d 10 06 03                        bclr BANDERAS,$03
2166 20 0c                              bra return`
2168 1f 10 06 01 07     checkLista`     brclr BANDERAS,$01,return`              ;el numero esta listo
216d 1d 10 06 03                        bclr BANDERAS,$03
2171 16 21 d2                           jsr FORMAR_ARRAY
2174 3d                 return`         rts
                        
                        ;       Subrutina MUX_TECLADO
                        MUX_TECLADO:    loc
2175 c6 00                              ldab #0
2177 18 0b 00 10 05                     movb #0,PATRON
217c ce 10 40                           ldx #TECLAS
217f f7 10 05           mainloop`       tst PATRON
2182 26 07                              bne p1
2184 18 0b ef 00 00                     movb #$EF,PORTA
2189 20 26                              bra READ
218b 86 01              p1:             ldaa #1
218d b1 10 05                           cmpa PATRON
2190 26 07                              bne p2
2192 18 0b df 00 00                     movb #$DF,PORTA
2197 20 18                              bra READ
2199 42                 p2:             inca                    ;A=2
219a b1 10 05                           cmpa PATRON
219d 26 07                              bne p3
219f 18 0b bf 00 00                     movb #$BF,PORTA
21a4 20 0b                              bra READ
21a6 42                 p3:             inca                    ;A=3
21a7 b1 10 05                           cmpa PATRON             ;Se detecta cual patron se debe usar en la salida
21aa 26 19                              bne nk
21ac 18 0b 7f 00 00                     movb #$7F,PORTA
21b1 4f 00 01 17        read:           brclr PORTA,$01, treturn`       ;se leen las entradas para encontrar la tecla presionada
21b5 52                                 incb
21b6 4f 00 02 12                        brclr PORTA,$02, treturn`
21ba 52                                 incb
21bb 4f 00 04 0d                        brclr PORTA,$04, treturn`
21bf 52                                 incb
21c0 72 10 05                           inc PATRON
21c3 20 ba                              bra mainloop`
21c5 18 0b ff 10 01     nk              movb #$FF,TECLA                 ;Se guarda la tecla o se retorna FF
21ca 20 05                              bra return`
21cc 18 0d e5 10 01     treturn`        movb B,X,TECLA
21d1 3d                 return`         rts
                        ;       Subrutina formar array
                        
                        FORMAR_ARRAY:   loc
21d2 ce 10 30                           ldx #NUM_ARRAY
21d5 b6 10 02                           ldaa TECLA_IN
21d8 f6 10 04                           ldab CONT_TCL
21db 27 0f                              beq check_MAX`
21dd 81 0e                              cmpa #$0E
21df 27 1b                              beq t_enter`
21e1 81 0b                              cmpa #$0B
21e3 27 22                              beq t_borrar`
21e5 f1 10 00                           cmpb MAX_TCL
21e8 27 25                              beq return`
21ea 20 08                              bra guardar`
21ec 81 0e              check_MAX`      cmpa #$0E
21ee 27 1f                              beq return`
21f0 81 0b                              cmpa #$0B
21f2 27 1b                              beq return`
21f4 6a e5              guardar`        staa B,X
21f6 52                                 incb
21f7 7b 10 04                           stab CONT_TCL
21fa 20 13                              bra return`
21fc 1c 10 06 04        t_enter`        bset BANDERAS,$04
2200 18 0b 00 10 04                     movb #$0,CONT_TCL
2205 20 08                              bra return`
2207 53                 t_borrar`       decb
2208 18 08 e5 ff                        movb #$FF,B,X
220c 7b 10 04                           stab CONT_TCL
220f 3d                 return`         rts
                        
                        ;       BCD_7SEG
                        BCD_7SEG:       loc
2210 ce 10 50                           ldx #SEGMENT
2213 cd 10 16                           ldy #DISP1
2216 86 00                              ldaa #0
2218 f6 10 14                           ldab BCD1
221b 20 03                              bra subrutinabcd`
221d f6 10 15           loadBCD2`       ldab BCD2
2220 37                 subrutinabcd`   pshb 
2221 c4 0f                              andb #$0F
2223 18 0a e5 70                        movb B,X,1,Y+      ;muevo la parte baja de bcd a disp2 o disp 4
2227 33                                 pulb 
2228 54                                 lsrb
2229 54                                 lsrb
222a 54                                 lsrb
222b 54                                 lsrb
222c 18 0a e5 70                        movb B,X,1,Y+     ;muevo la parte alta de bcd a disp 1 o disp4
2230 8d 10 18                           cpy #DISP3
2233 27 e8                              beq loadBCD2`
2235 3d                 returnBCD_7SEG: rts
                        
                        
                        ;       CARGAR_LCD
                        CARGAR_LCD:     loc
2236 34                                 pshx
2237 ce 10 2a                           ldx #iniDsp
223a e6 30                              ldab 1,X+
223c a6 30              loop1`          ldaa 1,X+
223e 1d 10 06 20                        bclr BANDERAS,$20
2242 16 22 b3                           jsr Send
2245 18 0c 10 26 10 23                  movb D60uS,CONT_DELAY
224b 16 22 fa                           jsr Delay
224e 04 31 eb                           dbne B,loop1`           ;hasta aqui se estan mandando los comando iniciales de dsp
2251 1d 10 06 20                        bclr BANDERAS,$20
2255 b6 10 27                           ldaa Clear_LCD
2258 16 22 b3                           jsr Send                ;hasta aqui se borra la pantalla
225b 30                                 pulx
225c b6 10 28                           ldaa ADD_L1                        ;aqui empieza cargar lcd
225f 1d 10 06 20                        bclr BANDERAS,$20
2263 16 22 b3                           jsr Send
2266 18 0c 10 26 10 23                  movb D60uS,CONT_DELAY
226c 16 22 fa                           jsr Delay
226f a6 30              loop2`          ldaa 1,X+
2271 81 00                              cmpa #FIN
2273 27 12                              beq linea2`
2275 1c 10 06 20                        bset BANDERAS,$20
2279 16 22 b3                           jsr Send
227c 18 0c 10 26 10 23                  movb D60uS,CONT_DELAY
2282 16 22 fa                           jsr Delay
2285 20 e8                              bra loop2`
2287 b6 10 29           linea2`         ldaa ADD_L2                        ;aqui empieza cargar la linea 2
228a 1d 10 06 20                        bclr BANDERAS,$20
228e 16 22 b3                           jsr Send
2291 18 0c 10 26 10 23                  movb D60uS,CONT_DELAY
2297 16 22 fa                           jsr Delay
229a a6 70              loop3`          ldaa 1,Y+
229c 81 00                              cmpa #FIN
229e 27 12                              beq returnLCD`
22a0 1c 10 06 20                        bset BANDERAS,$20
22a4 16 22 b3                           jsr Send
22a7 18 0c 10 26 10 23                  movb D60uS,CONT_DELAY
22ad 16 22 fa                           jsr Delay
22b0 20 e8                              bra loop3`
22b2 3d                 returnLCD`      rts
                        
                        
                        ;       SendCommand
                                        loc
22b3 36                 Send:           psha
22b4 84 f0                              anda #$F0
22b6 44                                 lsra
22b7 44                                 lsra
22b8 5a 32                              staa PORTK
22ba 1e 10 06 20 05                     brset BANDERAS,$20,dato1`
22bf 4d 32 01                           bclr PORTK,$01
22c2 20 03                              bra continue1`
22c4 4c 32 01           dato1`           bset PORTK,$01
22c7 4c 32 02           continue1`      bset PORTK,$02
22ca 18 0c 10 25 10 23                  movb D240uS,CONT_DELAY
22d0 16 22 fa                           jsr Delay
22d3 4d 32 02                           bclr PORTK,$02
22d6 32                                 pula
22d7 84 0f                              anda #$0F
22d9 48                                 lsla
22da 48                                 lsla
22db 5a 32                              staa PORTK
22dd 1e 10 06 20 05                     brset BANDERAS,$20,dato2`
22e2 4d 32 01                           bclr PORTK,$01
22e5 20 03                              bra continue2`
22e7 4c 32 01           dato2`          bset PORTK,$01
22ea 4c 32 02           continue2`      bset PORTK,$02
22ed 18 0c 10 25 10 23                  movb D240uS,CONT_DELAY
22f3 16 22 fa                           jsr Delay
22f6 4d 32 02                           bclr PORTK,$02
22f9 3d                                 rts    
                        
                        ;       Delay
                                        loc
22fa f7 10 23           Delay:          tst CONT_DELAY 
22fd 26 fb                              bne Delay
22ff 3d                                 rts
                        
                        
                        ;       BIN_BCD
2300                    BIN_BCD:        ;movb #$44,BCD1
                                        ;movb #$44,BCD2
2300 3d                                 rts
                        
                        ;       MODO_CONFIG
2301 18 0b 01 10 09     MODO_CONFIG:    movb #$01,CPROG
                                        ;movb #$11,BCD1
                                        ;movb #$11,BCD2
2306 3d                                 rts
                        
                        ;       MODO_RUN
2307                    MODO_RUN:       ;movb #$33,BCD1
                                        ;movb #$33,BCD2
2307 3d                                 rts
                        
                        
                        
                        
                        
                        ;################################################
                        ;################################################
                        ;################################################
                        ;       Subrutinas de proposito especifico
                        
                        ;       Subrutinas PH
                        ;        subrutina de PHO
                        
                                        loc
2308 1e 02 67 01 0f     PTH_ISR:        brset PIFH,$01,PH0_ISR 
230d 1e 02 67 02 2c                     brset PIFH,$02,PH1_ISR
2312 1e 02 67 04 2c                     brset PIFH,$04,PH2_ISR
2317 1e 02 67 08 37                     brset PIFH,$08,PH3_ISR
                        
                        ;       subrutina PH1
231c 1c 02 67 01        PH0_ISR:        bset PIFH, $01          
2320 1f 10 06 04 1d                     brclr BANDERAS,$04,returnPH        ;Si la bandera de array_ok no esta en alto ignorar subrutina
2325 1d 10 06 04                        bclr BANDERAS, $04                  ;limpiar la bandera
2329 cd 10 30                           ldy #NUM_ARRAY
232c b6 10 00                           ldaa MAX_TCL
232f e6 70              loop`           ldab 1,Y+
2331 c1 ff                              cmpb #$FF                           ;primera condicion de parada
2333 27 0d                              beq returnPH
2335 18 08 5f ff                        movb #$FF,-1,Y
2339 04 30 f3                           dbne A,loop`
233c 20 04                              bra returnPH
                        
                        
                        
                        
                        ;       subrutina PH1
233e 1c 02 67 02        PH1_ISR:        bset PIFH, $02
                        
2342 0b                 returnPH:       rti
                        ;       subrutina PH2                
2343 1c 02 67 04        PH2_ISR:        bset PIFH, $04
2347 b6 10 0d                           ldaa BRILLO
234a 27 f6                              beq returnPH
234c 80 05                              suba #5
234e 7a 10 0d                           staa BRILLO
2351 20 ef                              bra returnPH
                        ;       subrutina PH3
2353 1c 02 67 08        PH3_ISR:        bset PIFH, $08
2357 b6 10 0d                           ldaa BRILLO
235a 81 64                              cmpa #100
235c 27 e4                              beq returnPH
235e 8b 05                              adda #5
2360 7a 10 0d                           staa BRILLO
2363 20 dd                              bra returnPH                
                        
                        
                        
                        ;       subrutina de rti
                                        loc
2365 4c 37 80           INIT_ISR:       bset CRGFLG, $80
2368 f7 10 03                           tst CONT_REB
236b 27 03                              beq return`
236d 73 10 03                           dec CONT_REB
2370 0b                 return`         rti
                        
                        
                        ;%%%%%%%%%%%%%%%%%%%%%%%%%%%%%%%%%%%%%%%%%%%%%%%%%%%
                        ;   Subrutina OC4
                                        loc
2371 b6 10 0f           OC4_ISR:        ldaa CONT_TICKS
2374 c6 64                              ldab #100
2376 f0 10 0d                           subb BRILLO
2379 18 17                              cba
237b 27 0f                              beq apagar`
237d f7 10 0f                           tst CONT_TICKS
2380 27 2c                              beq check_digit`
2382 81 64              checkN`         cmpa #100
2384 27 12                              beq changeDigit`
2386 72 10 0f           incticks`       inc CONT_TICKS
2389 06 24 0e                           jmp part2`
                        ;Apagar
238c 18 0b ff 02 58     apagar`         movb #$FF,PTP
2391 18 0b 00 00 01                     movb #$0, PORTB
2396 20 ea                              bra checkN`
                        ;           cambiar digito
2398 18 0b 00 10 0f     changeDigit`    movb #$0, CONT_TICKS
239d 72 10 0e                           inc CONT_DIG
23a0 86 06                              ldaa #6
23a2 b1 10 0e                           cmpa CONT_DIG
23a5 26 67                              bne part2`
23a7 18 0b 01 10 0e                     movb #1,CONT_DIG
23ac 20 60                              bra part2`
                        ;           encender digito
23ae b6 10 0e           check_digit`    ldaa CONT_DIG
23b1 81 01                              cmpa #1
23b3 26 10                              bne dig2`
23b5 1d 02 58 08                        bclr PTP, $08
23b9 18 0c 10 16 00 01                  movb DISP1, PORTB
23bf 1c 02 68 02                        bset PTJ, $02
23c3 20 c1                              bra  incticks`
23c5 81 02              dig2`           cmpa #2
23c7 26 10                              bne dig3`
23c9 1d 02 58 04                        bclr PTP, $04
23cd 18 0c 10 17 00 01                  movb DISP2, PORTB
23d3 1c 02 68 02                        bset PTJ, $02
23d7 20 ad                              bra  incticks`
23d9 81 03              dig3`           cmpa #3
23db 26 10                              bne dig4`
23dd 1d 02 58 02                        bclr PTP, $02
23e1 18 0c 10 18 00 01                  movb DISP3, PORTB
23e7 1c 02 68 02                        bset PTJ, $02
23eb 20 99                              bra  incticks`
23ed 81 04              dig4`           cmpa #4
23ef 26 10                              bne digleds`
23f1 1d 02 58 01                        bclr PTP, $01
23f5 18 0c 10 19 00 01                  movb DISP4, PORTB
23fb 1c 02 68 02                        bset PTJ, $02
23ff 20 85                              bra  incticks`
2401 18 0c 10 0c 00 01  digleds`        movb LEDS, PORTB
2407 1d 02 68 02                        bclr PTJ, $02
240b 72 10 0f                           inc CONT_TICKS
                        
                        
240e f7 10 23           part2`          tst CONT_DELAY
2411 27 03                              beq tst7seg`
2413 73 10 23                           dec CONT_DELAY
2416 fe 10 21           tst7seg`        ldx CONT_7SEG
2419 27 0c                              beq JBCD_7SEG`
241b 08                                 inx
241c 7e 10 21                           stx CONT_7SEG
241f dc 44              returnOC4       ldd TCNT
2421 c3 00 3c                           addd #60
2424 5c 58                              std TC4
2426 0b                                 rti
2427 16 22 10           JBCD_7SEG`      jsr BCD_7SEG
242a 20 f3                              bra returnOC4

Executed: Sun Nov 03 00:27:56 2019
Total cycles: 1193, Total bytes: 1159
Total errors: 0, Total warnings: 0
